user: No such book in file.

user: Ending Library process.
