user: No such collection.

user: Ending Library process.
