user: Success.

user: 100000: jack

user: Ending Library process.
