user: Successfully added: To Kill a Mockingbird (Harper Lee).

user: No rental history.

user: Ending Library process.
