user: 17 books successfully added.

user: No books with genre notexist.

user: Ending Library process.
