user: 17 books successfully added.

user: Success.

user: Member not currently renting.

user: Ending Library process.
