user: 17 books successfully added.

user: Success.

user: Success.

user: Success.

user: Success.

user: Success.

user: Success.

user: Success.

user: Success.

user: Success.

user: Success.

user: Success.

user: Success.

user: The Hitchhiker's Guide to the Galaxy (Douglas Adams)
The Odyssey (Homer)
The Iliad (Homer)
The Hobbit (J.R.R. Tolkien)
To Kill a Mockingbird (Harper Lee)
Harry Potter 4 (J.K. Rowling)
Harry Potter 5 (J.K. Rowling)
Wasteland (T.S. Eliot)
Biggles in the Battle (W.E. Johns)
Harry Potter 6 (J.K. Rowling)

user: Ending Library process.
