user: 17 books successfully added.

user: Success.

user: Success.

user: Success.

user: The Hitchhiker's Guide to the Galaxy (Douglas Adams)

user: Ending Library process.
