user: Successfully added: The Hobbit (J.R.R. Tolkien).

user: Success.

user: Member not currently renting.

user: No such book in system.

user: Success.

user: The Hobbit (J.R.R. Tolkien)

user: The Hobbit (J.R.R. Tolkien)

user: No books available.

user: No common books.

user: No such member in system.

user: Success.

user: The Hobbit (J.R.R. Tolkien)

user: Member not currently renting.

user: Ending Library process.
