user: Successfully added: The Hobbit (J.R.R. Tolkien).

user: Successfully added: To Kill a Mockingbird (Harper Lee).

user: Ending Library process.
