user: Successfully added: To Kill a Mockingbird (Harper Lee).

user: Successfully added: The Iliad (Homer).

user: Successfully added: The Hobbit (J.R.R. Tolkien).

user: Successfully added: The Odyssey (Homer).

user: Successfully added: The Hitchhiker's Guide to the Galaxy (Douglas Adams).

user: Successfully added: So Long and Thanks for all the Fish (Douglas Adams).

user: Successfully added: Batman Volume 1 (Bob Kane).

user: Successfully added: Harry Potter 1 (J.K. Rowling).

user: Successfully added: Harry Potter 2 (J.K. Rowling).

user: Successfully added: Harry Potter 3 (J.K. Rowling).

user: Successfully added: Harry Potter 4 (J.K. Rowling).

user: Successfully added: Harry Potter 5 (J.K. Rowling).

user: Successfully added: Harry Potter 6 (J.K. Rowling).

user: Successfully added: Wasteland (T.S. Eliot).

user: Successfully added: Biggles in the Battle (W.E. Johns).

user: Successfully added: Aeneid (Virgil).

user: 1 books successfully added.

user: Ending Library process.
