user: Success.

user: Success.

user: Success.

user: 100000: jack hu

user: 100001: docker ma

user: 100002: kkkkkkkk sksks

user: Ending Library process.
