user: Success.

user: Success.

user: 100000: jack Hu

user: 100001: jack ma

user: Ending Library process.
