user: Success.

user: Success.

user: 100000: jack hu

user: 100001: jack hu

user: No such member in system.

user: Ending Library process.
