user: Success.

user: 100000: jack hu kkkkk last

user: Ending Library process.
