user: 17 books successfully added.

user: Bob Kane
Douglas Adams
Harper Lee
Homer
J.K. Rowling
J.R.R. Tolkien
Jamie Lee Curtis
T.S. Eliot
Virgil
W.E. Johns

user: Ending Library process.
