user: 17 books successfully added.

user: 19 books successfully added.

user: first show with 211120 (J.K. Rowling)
second show with 211200 (J.K. Rowling)
third show with 211203 (J.K. Rowling)
final with 211204 (Bob Kane)

user: Ending Library process.
