user: 17 books successfully added.

user: 19 books successfully added.

user: should come first 111144 (Haitian Li)
come second with serial 111234 (Haitian Li)
third with serial 111456 (Haitian Li)

user: Ending Library process.
