user: 17 books successfully added.

user: 111111: To Kill a Mockingbird (Harper Lee, Historical Fiction)
Currently available.

user: The Hobbit (J.R.R. Tolkien)

user: No such book in system.

user: Ending Library process.
