user: 17 books successfully added.

user: No books by Haitian Li.

user: Ending Library process.
