user: 17 books successfully added.

user: 19 books successfully added.

user: Comedy
Comic
Epic
Fantasy
Genre testcase
Historical Fiction
Horror
Poetry
Test Case
Test Case 2
War

user: Ending Library process.
