user: 17 books successfully added.

user: Success.

user: Success.

user: No rental history for member.

user: Ending Library process.
