user: 17 books successfully added.

user: Success.

user: No such book in system.

user: Ending Library process.
