user: Success.

user: 17 books successfully added.

user: Success.

user: Success.

user: Success.

user: Success.

user: Success.

user: Success.

user: To Kill a Mockingbird (Harper Lee)
The Hobbit (J.R.R. Tolkien)
To Kill a Mockingbird (Harper Lee)
The Hobbit (J.R.R. Tolkien)

user: Ending Library process.
