user: Successfully added: To Kill a Mockingbird (Harper Lee).

user: 16 books successfully added.

user: 19 books successfully added.

user: To Kill a Mockingbird (Harper Lee)
The Hobbit (J.R.R. Tolkien)
The Iliad (Homer)
The Odyssey (Homer)
The Hitchhiker's Guide to the Galaxy (Douglas Adams)
So Long and Thanks for all the Fish (Douglas Adams)
Batman Volume 1 (Bob Kane)
Harry Potter 1 (J.K. Rowling)
Harry Potter 2 (J.K. Rowling)
Harry Potter 3 (J.K. Rowling)
Harry Potter 4 (J.K. Rowling)
Harry Potter 5 (J.K. Rowling)
Harry Potter 6 (J.K. Rowling)
Wasteland (T.S. Eliot)
Biggles in the Battle (W.E. Johns)
Aeneid (Virgil)
Halloween (Jamie Lee Curtis)
come second with serial 111234 (Haitian Li)
third with serial 111456 (Haitian Li)
should come first 111144 (Haitian Li)
The Hobbit (J.R.R. Tolkien)
The Iliad (Homer)
The Odyssey (Homer)
The Hitchhiker's Guide to the Galaxy (Douglas Adams)
So Long and Thanks for all the Fish (Douglas Adams)
final with 211204 (Bob Kane)
third show with 211203 (J.K. Rowling)
second show with 211200 (J.K. Rowling)
first show with 211120 (J.K. Rowling)
Harry Potter 4 (J.K. Rowling)
Harry Potter 5 (J.K. Rowling)
Harry Potter 6 (J.K. Rowling)
Wasteland (T.S. Eliot)
Biggles in the Battle (W.E. Johns)
Aeneid (Virgil)
Halloween (Jamie Lee Curtis)

user: Success.

user: Success.

user: Success.

user: Success.

user: Success.

user: Success.

user: Success.

user: Success.

user: Success.

user: Success.

user: The Odyssey (Homer)
The Hitchhiker's Guide to the Galaxy (Douglas Adams)
So Long and Thanks for all the Fish (Douglas Adams)
Batman Volume 1 (Bob Kane)
Harry Potter 1 (J.K. Rowling)
Harry Potter 2 (J.K. Rowling)
Harry Potter 3 (J.K. Rowling)
Harry Potter 4 (J.K. Rowling)
Harry Potter 5 (J.K. Rowling)
Harry Potter 6 (J.K. Rowling)
Wasteland (T.S. Eliot)
Biggles in the Battle (W.E. Johns)
Aeneid (Virgil)
Halloween (Jamie Lee Curtis)
come second with serial 111234 (Haitian Li)
third with serial 111456 (Haitian Li)
should come first 111144 (Haitian Li)
The Hobbit (J.R.R. Tolkien)
The Iliad (Homer)
The Odyssey (Homer)
The Hitchhiker's Guide to the Galaxy (Douglas Adams)
So Long and Thanks for all the Fish (Douglas Adams)
final with 211204 (Bob Kane)
third show with 211203 (J.K. Rowling)
second show with 211200 (J.K. Rowling)
first show with 211120 (J.K. Rowling)
Harry Potter 4 (J.K. Rowling)
Harry Potter 5 (J.K. Rowling)
Harry Potter 6 (J.K. Rowling)
Wasteland (T.S. Eliot)
Biggles in the Battle (W.E. Johns)
Aeneid (Virgil)
Halloween (Jamie Lee Curtis)

user: Success.

user: To Kill a Mockingbird (Harper Lee)
The Hobbit (J.R.R. Tolkien)
The Iliad (Homer)
The Odyssey (Homer)
The Hitchhiker's Guide to the Galaxy (Douglas Adams)
So Long and Thanks for all the Fish (Douglas Adams)
Batman Volume 1 (Bob Kane)
Harry Potter 1 (J.K. Rowling)
Harry Potter 2 (J.K. Rowling)
Harry Potter 3 (J.K. Rowling)
Harry Potter 4 (J.K. Rowling)
Harry Potter 5 (J.K. Rowling)
Harry Potter 6 (J.K. Rowling)
Wasteland (T.S. Eliot)
Biggles in the Battle (W.E. Johns)
Aeneid (Virgil)
Halloween (Jamie Lee Curtis)
come second with serial 111234 (Haitian Li)
third with serial 111456 (Haitian Li)
should come first 111144 (Haitian Li)
The Hobbit (J.R.R. Tolkien)
The Iliad (Homer)
The Odyssey (Homer)
The Hitchhiker's Guide to the Galaxy (Douglas Adams)
So Long and Thanks for all the Fish (Douglas Adams)
final with 211204 (Bob Kane)
third show with 211203 (J.K. Rowling)
second show with 211200 (J.K. Rowling)
first show with 211120 (J.K. Rowling)
Harry Potter 4 (J.K. Rowling)
Harry Potter 5 (J.K. Rowling)
Harry Potter 6 (J.K. Rowling)
Wasteland (T.S. Eliot)
Biggles in the Battle (W.E. Johns)
Aeneid (Virgil)
Halloween (Jamie Lee Curtis)

user: To Kill a Mockingbird (Harper Lee)
The Hobbit (J.R.R. Tolkien)
The Iliad (Homer)

user: To Kill a Mockingbird (Harper Lee)
The Hobbit (J.R.R. Tolkien)
The Iliad (Homer)

user: Ending Library process.
