user: 17 books successfully added.

user: No such collection.

user: Book already exists in system.

user: Success.

user: Success.

user: Success.

user: Success.

user: 100000: jackhu

user: 100001: jackhu

user: Member not currently renting.

user: Success.

user: To Kill a Mockingbird (Harper Lee)

user: Member not currently renting.

user: Comedy
Comic
Epic
Fantasy
Historical Fiction
Horror
Poetry
War

user: Bob Kane
Douglas Adams
Harper Lee
Homer
J.K. Rowling
J.R.R. Tolkien
Jamie Lee Curtis
T.S. Eliot
Virgil
W.E. Johns

user: No books by Haitian li.

user: Success.

user: Success.

user: Success.

user: Success.

user: Success.

user: Success.

user: Success.

user: To Kill a Mockingbird (Harper Lee)

user: Ending Library process.
