user: 17 books successfully added.

user: Ending Library process.
