user: Successfully added: To Kill a Mockingbird (Harper Lee).

user: Successfully added: The Iliad (Homer).

user: Successfully added: The Hobbit (J.R.R. Tolkien).

user: 14 books successfully added.

user: Ending Library process.
