user: 17 books successfully added.

user: Success.

user: Success.

user: Success.

user: Success.

user: Success.

user: Success.

user: Success.

user: Success.

user: Success.

user: Success.

user: Success.

user: Success.

user: Success.

user: Success.

user: Success.

user: To Kill a Mockingbird (Harper Lee)
The Hobbit (J.R.R. Tolkien)
The Iliad (Homer)

user: Ending Library process.
