user: 17 books successfully added.

user: The Hobbit (J.R.R. Tolkien)

user: Ending Library process.
