user: 17 books successfully added.

user: 111111: To Kill a Mockingbird (Harper Lee, Historical Fiction)
Currently available.

user: Ending Library process.
