user: Success.

user: No such member in system.

user: 100000: jack hu

user: Ending Library process.
