user: Success.

user: 100000: jack hu

user: Ending Library process.
