user: Success.

user: 17 books successfully added.

user: No such member in system.

user: Ending Library process.
