user: Success.

user: 17 books successfully added.

user: Success.

user: Book is currently unavailable.

user: Success.

user: Success.

user: Ending Library process.
