user: 17 books successfully added.

user: Success.

user: Unable to return book.

user: Ending Library process.
