user: Successfully added: To Kill a Mockingbird (Harper Lee).

user: Success.

user: Success.

user: No books with genre Poetry.

user: No books by J.K. Rowling.

user: To Kill a Mockingbird (Harper Lee)

user: No books by haitian lis.

user: No books with genre testcase.

user: No such book in system.

user: 16 books successfully added.

user: 111112: The Hobbit (J.R.R. Tolkien, Fantasy)
Currently available.

user: Ending Library process.
